// Jest Snapshot v1, https://goo.gl/fbAQLP

exports[`Home.vue listing without any contact  should match snapshot 1`] = `
<div class="home">
  <div class="header"><img id="logo" src="../assets/imgs/ic-logo.svg" alt="Ubook logo with pink coloring">
    <div class="input-icon"><input type="text" name="search" placeholder="Buscar..." aria-label="Busque pela agenda"> <img src="../assets/imgs/ic-search.svg" alt=""></div>
  </div>
  <div class="home-content-wrapper">
    <div class="no-contacts-wrapper"><img id="book" src="../assets/imgs/ic-book.svg" alt="A opened book illustration with grey coloring">
      <p class="no-contact-text">Nenhum contato foi criado ainda.</p> <button type="button" name="criar-contato" class="add-button">
        + Criar contato
      </button>
    </div>
  </div>
</div>
`;
